---
source: crewctl/tests/status.rs
expression: err
---
nothing is listening on [ADDR] (from --api).

Either no daemon is running, or one is running with its ops API off — it is off by default. Turn it on with `[api] enabled = true` in the config, or start the daemon with `--api [ADDR]` for one run.
